// Jest Snapshot v1, https://goo.gl/fbAQLP

exports[`ProductDetail Component SearchResults matches current snapshot 1`] = `"<div class=\\"search-results\\"><ol class=\\"breadcrumbs\\"></ol><div class=\\"list-container\\"><div class=\\"list-item\\"><div class=\\"thumbnail\\"><a aria-current=\\"false\\" href=\\"/items/1\\"><img alt=\\"Title\\" title=\\"Title\\" class=\\"product-thumb\\"/></a></div><div class=\\"description\\"><div class=\\"price\\"><span class=\\"amount\\">$ 10</span></div><div class=\\"title\\"><a aria-current=\\"false\\" href=\\"/items/1\\"> Title</a></div></div><div class=\\"location\\">CÃ³rdoba</div></div></div></div>"`;
